// Jest Snapshot v1, https://goo.gl/fbAQLP

exports[`GifItem test should match snapshot 1`] = `
<div>
  <div
    class="card"
  >
    <img
      alt="GifTitle"
      src="https://www.google.es/foto.jpg"
    />
    <p>
      GifTitle
    </p>
  </div>
</div>
`;
